// Jest Snapshot v1, https://goo.gl/fbAQLP

exports[`snapshot 1`] = `
<div
  className="control has-icons-left"
>
  <div
    className="select is-small"
  >
    <select
      onChange={[Function]}
      value=""
    >
      <option
        value=""
      >
        all
      </option>
      <option
        value=""
      >
        
      </option>
    </select>
  </div>
  <div
    className="icon is-small is-left"
  >
    <i
      className="fas fa-tag"
    />
  </div>
</div>
`;
